[astronfy.com/index.html]
[astronfy.com/e.src]
[astronfy.com/astronfy.css]
[astronfy.com/imagem/23595868_transparent.png]
[backblue.gif]
[fade.gif]
[index.html]
[astronfy.com/Firefox/index.html]
[connect.facebook.net/en_US/fbevents.js]
[rampylab.com/wp-content/cache/min/1/wp-content/plugins/wp-custom-cursors/public/css/wp_custom_cursors_main_stylef006.css]
[rampylab.com/wp-content/themes/hello-elementor/style.minc141.css]
[rampylab.com/wp-content/themes/hello-elementor/theme.minc141.css]
[rampylab.com/wp-content/uploads/elementor/css/custom-frontend-lite.min1ac2.css]
[rampylab.com/wp-content/uploads/elementor/css/post-1331ac2.css]
[rampylab.com/wp-content/cache/min/1/wp-content/plugins/elementor/assets/lib/font-awesome/css/font-awesome.minf006.css]
[rampylab.com/wp-content/cache/min/1/wp-content/plugins/dethemekit-for-elementor/assets/css/simple-line-iconsf006.css]
[rampylab.com/wp-content/cache/min/1/wp-content/plugins/dethemekit-for-elementor/assets/css/htflexboxgridf006.css]
[rampylab.com/wp-content/cache/min/1/wp-content/plugins/happy-elementor-addons/assets/vendor/slick/slickf006.css]
[rampylab.com/wp-content/cache/min/1/wp-content/plugins/dethemekit-for-elementor/assets/css/dethemekit-widgetsf006.css]
[rampylab.com/wp-content/cache/min/1/wp-content/plugins/dethemekit-for-elementor/assets/css/dethemekit-de-carouself006.css]
[rampylab.com/wp-content/cache/min/1/wp-content/plugins/elementskit-lite/modules/elementskit-icon-pack/assets/css/ekiticonsf006.css]
[rampylab.com/wp-content/cache/min/1/wp-content/plugins/elementor/assets/lib/eicons/css/elementor-icons.minf006.css]
[rampylab.com/wp-content/plugins/elementor/assets/lib/swiper/css/swiper.min48f5.css]
[rampylab.com/wp-content/uploads/elementor/css/custom-pro-frontend-lite.min1ac2.css]
[rampylab.com/wp-content/cache/min/1/wp-content/plugins/dethemekit-for-elementor/assets/css/de-sticky-frontendf006.css]
[rampylab.com/wp-content/cache/min/1/wp-content/plugins/dethemekit-for-elementor/assets/css/de-product-displayf006.css]
[rampylab.com/wp-content/cache/min/1/wp-content/plugins/elementor/assets/lib/font-awesome/css/all.minf006.css]
[rampylab.com/wp-content/plugins/elementor/assets/lib/font-awesome/css/v4-shims.min991d.css]
[astronfy.com/index.css]
[rampylab.com/wp-content/cache/min/1/wp-content/plugins/elementskit-lite/widgets/init/assets/css/widget-stylesf006.css]
[rampylab.com/wp-content/cache/min/1/wp-content/plugins/elementskit-lite/widgets/init/assets/css/responsivef006.css]
[rampylab.com/wp-content/cache/min/1/wp-content/plugins/happy-elementor-addons/assets/fonts/style.minf006.css]
[rampylab.com/wp-content/cache/min/1/wp-content/plugins/happy-elementor-addons/assets/vendor/slick/slick-themef006.css]
[rampylab.com/wp-content/cache/min/1/wp-content/uploads/happyaddons/css/ha-22859e6.css]
[rampylab.com/wp-content/cache/min/1/wp-content/plugins/dethemekit-for-elementor/assets/css/de_loop/ecs-stylef006.css]
[rampylab.com/wp-content/plugins/elementor/assets/lib/font-awesome/css/fontawesome.min52d5.css]
[rampylab.com/wp-content/cache/min/1/wp-content/plugins/elementor/assets/lib/font-awesome/css/solid.minf006.css]
[rampylab.com/wp-content/cache/min/1/wp-content/plugins/elementor/assets/lib/font-awesome/css/brands.minf006.css]
[astronfy.com/imagem/23595775_transparent (1).png]
[astronfy.com/index-2.html]
[rampylab.com/wp-content/uploads/elementor/css/custom-pro-widget-nav-menu.min558e.css]
[astronfy.com/Contato.html]
[astronfy.com/Sobre nós.html]
[astronfy.com/Portfólio.html]
[astronfy.com/imagem/telefone.png]
[rampylab.com/wp-content/uploads/elementor/css/custom-widget-icon-list.min558e.css]
[astronfy.com/imagem/CASAS-3.png]
[astronfy.com/imagem/CASAS-2.png]
[astronfy.com/imagem/portfolio-nexxt.png]
[astronfy.com/imagem/portfolio-luster.png]
[astronfy.com/imagem/portfolio-dragons.png]
[astronfy.com/imagem/portfolio-astron.png]
[astronfy.com/imagem/Banner_1.png]
[astronfy.com/imagem/Banner_3.png]
[astronfy.com/imagem/Banner_5.png]
[astronfy.com/imagem/Banner_7.png]
[astronfy.com/imagem/Banner_9.png]
[astronfy.com/imagem/Banner_11.png]
[astronfy.com/imagem/Banner_12.png]
[astronfy.com/imagem/Banner_14 (2).png]
[astronfy.com/imagem/Banner_16.png]
[astronfy.com/imagem/Banner_17.png]
[astronfy.com/imagem/Banner_19.png]
[astronfy.com/imagem/Banner_22.png]
[astronfy.com/imagem/Banner_23.png]
[astronfy.com/imagem/astronfy+salsa.png]
[astronfy.com/imagem/astronfy-na-midia.png]
[astronfy.com/imagem/astronfy-na-midia-2.png]
[rampylab.com/wp-content/plugins/dethemekit-for-elementor/assets/frontend/min-css/prettyphoto.min4c56.css]
[rampylab.com/wp-content/cache/min/1/wp-content/plugins/elementskit-lite/widgets/init/assets/css/odometer-theme-defaultf006.css]
[rampylab.com/wp-content/plugins/elementor/assets/lib/animations/animations.min991d.css]
[rampylab.com/wp-content/plugins/wp-rocket/assets/js/lazyload/17.5/lazyload.min.js]
[astronfy.com/index.html]
[astronfy.com/e.html]
[astronfy.com/Firefox/index.html]
[rampylab.com/wp-content/plugins/wp-rocket/assets/img/youtube.png]
[astronfy.com/astronfy.css]
[astronfy.com/a]
[astronfy.com/POST]
[astronfy.com/b.resolvedLink]
[astronfy.com/schema.org/index.html]
[astronfy.com/signals/iwl.js]
[connect.facebook.net/en_US/fbevents.js]
[rampylab.com/wp-content/cache/min/1/wp-content/plugins/wp-custom-cursors/public/css/wp_custom_cursors_main_stylef006.css]
[rampylab.com/wp-content/themes/hello-elementor/style.minc141.css]
[rampylab.com/wp-content/themes/hello-elementor/theme.minc141.css]
[rampylab.com/wp-content/uploads/elementor/css/custom-frontend-lite.min1ac2.css]
[rampylab.com/wp-content/uploads/elementor/css/post-1331ac2.css]
[rampylab.com/wp-content/cache/min/1/wp-content/plugins/elementor/assets/lib/font-awesome/css/font-awesome.minf006.css]
[rampylab.com/wp-content/cache/min/1/wp-content/plugins/dethemekit-for-elementor/assets/css/simple-line-iconsf006.css]
[rampylab.com/wp-content/cache/min/1/wp-content/plugins/dethemekit-for-elementor/assets/css/htflexboxgridf006.css]
[rampylab.com/wp-content/cache/min/1/wp-content/plugins/happy-elementor-addons/assets/vendor/slick/slickf006.css]
[rampylab.com/wp-content/cache/min/1/wp-content/plugins/dethemekit-for-elementor/assets/css/dethemekit-widgetsf006.css]
[rampylab.com/wp-content/cache/min/1/wp-content/plugins/dethemekit-for-elementor/assets/css/dethemekit-de-carouself006.css]
[rampylab.com/wp-content/cache/min/1/wp-content/plugins/elementskit-lite/modules/elementskit-icon-pack/assets/css/ekiticonsf006.css]
[rampylab.com/wp-content/cache/min/1/wp-content/plugins/elementor/assets/lib/eicons/css/elementor-icons.minf006.css]
[rampylab.com/wp-content/plugins/elementor/assets/lib/swiper/css/swiper.min48f5.css]
[rampylab.com/wp-content/uploads/elementor/css/custom-pro-frontend-lite.min1ac2.css]
[rampylab.com/wp-content/cache/min/1/wp-content/plugins/dethemekit-for-elementor/assets/css/de-sticky-frontendf006.css]
[rampylab.com/wp-content/cache/min/1/wp-content/plugins/dethemekit-for-elementor/assets/css/de-product-displayf006.css]
[rampylab.com/wp-content/cache/min/1/wp-content/plugins/elementor/assets/lib/font-awesome/css/all.minf006.css]
[rampylab.com/wp-content/plugins/elementor/assets/lib/font-awesome/css/v4-shims.min991d.css]
[rampylab.com/wp-content/uploads/2022/09/01final.jpg]
[astronfy.com/index.css]
[rampylab.com/wp-content/plugins/elementskit-lite/widgets/init/assets/img/arrow.png]
[rampylab.com/wp-content/plugins/elementskit-lite/widgets/init/assets/img/sort_asc.png]
[rampylab.com/wp-content/plugins/elementskit-lite/widgets/init/assets/img/sort_desc.png]
[rampylab.com/wp-content/plugins/elementskit-lite/widgets/init/assets/img/sort_asc_disabled.png]
[rampylab.com/wp-content/cache/min/1/wp-content/plugins/elementskit-lite/widgets/init/assets/css/widget-stylesf006.css]
[rampylab.com/wp-content/cache/min/1/wp-content/plugins/elementskit-lite/widgets/init/assets/css/responsivef006.css]
[rampylab.com/wp-content/cache/min/1/wp-content/plugins/happy-elementor-addons/assets/fonts/style.minf006.css]
[rampylab.com/wp-content/plugins/happy-elementor-addons/assets/vendor/slick/ajax-loader.gif]
[rampylab.com/wp-content/cache/min/1/wp-content/plugins/happy-elementor-addons/assets/vendor/slick/slick-themef006.css]
[rampylab.com/wp-content/cache/min/1/wp-content/uploads/happyaddons/css/ha-22859e6.css]
[rampylab.com/wp-content/cache/min/1/wp-content/plugins/dethemekit-for-elementor/assets/css/de_loop/ecs-stylef006.css]
[rampylab.com/wp-content/plugins/elementor/assets/lib/font-awesome/css/fontawesome.min52d5.css]
[rampylab.com/wp-content/cache/min/1/wp-content/plugins/elementor/assets/lib/font-awesome/css/solid.minf006.css]
[rampylab.com/wp-content/cache/min/1/wp-content/plugins/elementor/assets/lib/font-awesome/css/brands.minf006.css]
[astronfy.com/index-2.html]
[rampylab.com/wp-content/uploads/elementor/css/custom-pro-widget-nav-menu.min558e.css]
[rampylab.com/wp-content/plugins/dethemekit-for-elementor/includes/ext/sina/assets/css/sina-morphing.min4c56.css]
[rampylab.com/wp-content/cache/min/1/wp-content/plugins/dethemekit-for-elementor/includes/ext/sina/assets/css/de-reveal-animationf006.css]
[rampylab.com/wp-content/plugins/dethemekit-for-elementor/includes/ext/sina/assets/css/de-reveal-curtain-animation4c56.css]
[rampylab.com/wp-content/cache/min/1/wp-content/plugins/dethemekit-for-elementor/includes/ext/sina/assets/css/letter/normalizef006.css]
[rampylab.com/wp-content/cache/min/1/wp-content/plugins/dethemekit-for-elementor/includes/ext/sina/assets/css/letter/lettereffectf006.css]
[rampylab.com/wp-content/cache/min/1/wp-content/plugins/dethemekit-for-elementor/includes/ext/sina/assets/css/letter/paterf006.css]
[rampylab.com/wp-content/cache/min/1/wp-content/plugins/dethemekit-for-elementor/includes/ext/sina/assets/css/de_staggering/animatef006.css]
[rampylab.com/wp-content/cache/min/1/wp-content/plugins/dethemekit-for-elementor/includes/ext/sina/assets/css/de_staggering/de-staggeringf006.css]
[rampylab.com/wp-includes/css/dist/block-library/style.minae48.css]
[rampylab.com/wp-includes/css/classic-themes.minae48.css]
[rampylab.com/wp-content/uploads/elementor/css/post-320f006.css]
[rampylab.com/wp-content/uploads/2022/09/cropped-fav-icon-180x180.png]
[astronfy.com/cdn-cgi/l/email-protection.html]
[astronfy.com/Contato.html]
[astronfy.com/cdn-cgi/scripts/5c5dd728/cloudflare-static/email-decode.min.js]
[rampylab.com/wp-content/uploads/elementor/css/post-2976937.css]
[rampylab.com/wp-content/cache/min/1/wp-content/uploads/happyaddons/css/ha-297f006.css]
[astronfy.com/Sobre nós.html]
[astronfy.com/Portfólio – Rampy_files/415171380806914]
[astronfy.com/Portfólio – Rampy_files/fbevents.js.download]
[astronfy.com/Portfólio – Rampy_files/sina-morphing.min.css]
[astronfy.com/Portfólio – Rampy_files/de-scroll-animation.css]
[astronfy.com/Portfólio – Rampy_files/de-reveal-animation.css]
[astronfy.com/Portfólio – Rampy_files/revealer.css]
[astronfy.com/Portfólio – Rampy_files/de-reveal-curtain-animation.css]
[astronfy.com/Portfólio – Rampy_files/decolines.css]
[astronfy.com/Portfólio – Rampy_files/normalize.css]
[astronfy.com/Portfólio – Rampy_files/lettereffect.css]
[astronfy.com/Portfólio – Rampy_files/pater.css]
[astronfy.com/Portfólio – Rampy_files/animate.css]
[astronfy.com/Portfólio – Rampy_files/de-staggering.css]
[astronfy.com/Portfólio – Rampy_files/pa-frontend-27776aea4.min.css]
[astronfy.com/Portfólio – Rampy_files/style.min.css]
[astronfy.com/Portfólio – Rampy_files/classic-themes.min.css]
[astronfy.com/Portfólio – Rampy_files/wp_custom_cursors_main_style.css]
[astronfy.com/Portfólio – Rampy_files/style.min(1).css]
[astronfy.com/Portfólio – Rampy_files/theme.min.css]
[astronfy.com/Portfólio – Rampy_files/custom-frontend-lite.min.css]
[astronfy.com/Portfólio – Rampy_files/post-133.css]
[astronfy.com/Portfólio – Rampy_files/font-awesome.min.css]
[astronfy.com/Portfólio – Rampy_files/simple-line-icons.css]
[astronfy.com/Portfólio – Rampy_files/htflexboxgrid.css]
[astronfy.com/Portfólio – Rampy_files/slick.css]
[astronfy.com/Portfólio – Rampy_files/dethemekit-widgets.css]
[astronfy.com/Portfólio – Rampy_files/dethemekit-de-carousel.css]
[astronfy.com/Portfólio – Rampy_files/ekiticons.css]
[astronfy.com/Portfólio – Rampy_files/elementor-icons.min.css]
[astronfy.com/Portfólio – Rampy_files/swiper.min.css]
[astronfy.com/Portfólio – Rampy_files/custom-pro-frontend-lite.min.css]
[astronfy.com/Portfólio – Rampy_files/de-sticky-frontend.css]
[astronfy.com/Portfólio – Rampy_files/de-product-display.css]
[astronfy.com/Portfólio – Rampy_files/all.min.css]
[astronfy.com/Portfólio – Rampy_files/v4-shims.min.css]
[astronfy.com/Portfólio – Rampy_files/post-313.css]
[astronfy.com/Portfólio – Rampy_files/widget-styles.css]
[astronfy.com/Portfólio – Rampy_files/responsive.css]
[astronfy.com/Portfólio – Rampy_files/style.min(2).css]
[astronfy.com/Portfólio – Rampy_files/ecs-style.css]
[astronfy.com/Portfólio – Rampy_files/css]
[astronfy.com/Portfólio – Rampy_files/fontawesome.min.css]
[astronfy.com/Portfólio – Rampy_files/solid.min.css]
[astronfy.com/Portfólio – Rampy_files/brands.min.css]
[astronfy.com/Portfólio – Rampy_files/jquery-1.12.4-wp.js.download]
[astronfy.com/Portfólio – Rampy_files/jquery-migrate-1.4.1-wp.js.download]
[astronfy.com/Portfólio – Rampy_files/jquery.bind-first-0.2.3.min.js.download]
[astronfy.com/Portfólio – Rampy_files/js.cookie-2.1.3.min.js.download]
[astronfy.com/Portfólio – Rampy_files/public.js.download]
[astronfy.com/Portfólio – Rampy_files/v4-shims.min.js.download]
[astronfy.com/Portfólio – Rampy_files/ecs_ajax_pagination.js.download]
[astronfy.com/Portfólio – Rampy_files/ecs.js.download]
[astronfy.com/Portfólio – Rampy_files/wp-emoji-release.min.js.download]
[astronfy.com/Portfólio – Rampy_files/custom-pro-widget-nav-menu.min.css]
[astronfy.com/Portfólio – Rampy_files/custom-widget-icon-list.min.css]
[astronfy.com/Portfólio – Rampy_files/prettyphoto.min.css]
[astronfy.com/Portfólio – Rampy_files/animations.min.css]
[astronfy.com/Portfólio – Rampy_files/pa-frontend-27776aea4.min.js.download]
[astronfy.com/Portfólio – Rampy_files/wp_custom_cursors_main_script.js.download]
[astronfy.com/Portfólio – Rampy_files/hello-frontend.min.js.download]
[astronfy.com/Portfólio – Rampy_files/frontend-script.js.download]
[astronfy.com/Portfólio – Rampy_files/widget-scripts.js.download]
[astronfy.com/Portfólio – Rampy_files/happy-addons.min.js.download]
[astronfy.com/Portfólio – Rampy_files/happy-addons-pro.js.download]
[astronfy.com/Portfólio – Rampy_files/jquery.smartmenus.min.js.download]
[astronfy.com/Portfólio – Rampy_files/imagesloaded.min.js.download]
[astronfy.com/Portfólio – Rampy_files/prettyPhoto.min.js.download]
[astronfy.com/Portfólio – Rampy_files/isotope.min.js.download]
[astronfy.com/Portfólio – Rampy_files/ResizeSensor.min.js.download]
[astronfy.com/Portfólio – Rampy_files/sticky-sidebar.min.js.download]
[astronfy.com/Portfólio – Rampy_files/jquery.jsticky.js.download]
[astronfy.com/Portfólio – Rampy_files/webpack-pro.runtime.min.js.download]
[astronfy.com/Portfólio – Rampy_files/webpack.runtime.min.js.download]
[astronfy.com/Portfólio – Rampy_files/frontend-modules.min.js.download]
[astronfy.com/Portfólio – Rampy_files/wp-polyfill-inert.min.js.download]
[astronfy.com/Portfólio – Rampy_files/regenerator-runtime.min.js.download]
[astronfy.com/Portfólio – Rampy_files/wp-polyfill.min.js.download]
[astronfy.com/Portfólio – Rampy_files/hooks.min.js.download]
[astronfy.com/Portfólio – Rampy_files/i18n.min.js.download]
[astronfy.com/Portfólio – Rampy_files/frontend.min.js.download]
[astronfy.com/Portfólio – Rampy_files/waypoints.min.js.download]
[astronfy.com/Portfólio – Rampy_files/core.min.js.download]
[astronfy.com/Portfólio – Rampy_files/frontend.min.js(1).download]
[astronfy.com/Portfólio – Rampy_files/elements-handlers.min.js.download]
[astronfy.com/Portfólio – Rampy_files/de-sticky-frontend.js.download]
[astronfy.com/Portfólio – Rampy_files/de-active-icon-box.js.download]
[astronfy.com/Portfólio – Rampy_files/de-active-column.js.download]
[astronfy.com/Portfólio – Rampy_files/animate-circle.js.download]
[astronfy.com/Portfólio – Rampy_files/elementor.js.download]
[astronfy.com/Portfólio – Rampy_files/swiper.min.js.download]
[astronfy.com/Portfólio – Rampy_files/jquery.sticky.min.js.download]
[astronfy.com/Portfólio – Rampy_files/anime.min.js.download]
[astronfy.com/Portfólio – Rampy_files/scrollMonitor.js.download]
[astronfy.com/Portfólio – Rampy_files/de_scroll_animation.preview.js.download]
[astronfy.com/Portfólio – Rampy_files/intersectionobserver.js.download]
[astronfy.com/Portfólio – Rampy_files/charming.min.js.download]
[astronfy.com/Portfólio – Rampy_files/lineMaker.js.download]
[astronfy.com/Portfólio – Rampy_files/imagesloaded.pkgd.min.js.download]
[astronfy.com/Portfólio – Rampy_files/textfx.js.download]
[astronfy.com/Portfólio – Rampy_files/main.js.download]
[astronfy.com/Portfólio – Rampy_files/de_reveal_animation.preview.js.download]
[astronfy.com/Portfólio – Rampy_files/de_staggering.js.download]
[astronfy.com/Portfólio – Rampy_files/lazyload.min.js.download]
[astronfy.com/Portfólio – Rampy_files/dialog.min.js.download]
[astronfy.com/Portfólio – Rampy_files/share-link.min.js.download]
[astronfy.com/Portfólio.html]
[rampylab.com/wp-content/uploads/elementor/css/custom-widget-icon-list.min558e.css]
[rampylab.com/wp-content/plugins/dethemekit-for-elementor/assets/frontend/images/prettyphoto/default/sprite.ca.delayed]
[rampylab.com/wp-content/plugins/dethemekit-for-elementor/assets/frontend/images/prettyphoto/default/sprite_x.png]
[rampylab.com/wp-content/plugins/dethemekit-for-elementor/assets/frontend/images/prettyphoto/default/sprite_y.png]
[rampylab.com/wp-content/plugins/dethemekit-for-elementor/assets/frontend/images/prettyphoto/default/sprite_next.png]
[rampylab.com/wp-content/plugins/dethemekit-for-elementor/assets/frontend/images/prettyphoto/default/sprite_prev.png]
[rampylab.com/wp-content/plugins/dethemekit-for-elementor/assets/frontend/images/prettyphoto/default/default_thumb.png]
[rampylab.com/wp-content/plugins/dethemekit-for-elementor/assets/frontend/images/prettyphoto/default/loader.gif]
[rampylab.com/wp-content/plugins/dethemekit-for-elementor/assets/frontend/images/prettyPhoto/light_rounded/sprite.png]
[rampylab.com/wp-content/plugins/dethemekit-for-elementor/assets/frontend/images/prettyPhoto/light_rounded/btnNext.png]
[rampylab.com/wp-content/plugins/dethemekit-for-elementor/assets/frontend/images/prettyPhoto/light_rounded/btnPrevious.png]
[rampylab.com/wp-content/plugins/dethemekit-for-elementor/assets/frontend/images/prettyPhoto/dark_rounded/sprite.png]
[rampylab.com/wp-content/plugins/dethemekit-for-elementor/assets/frontend/images/prettyPhoto/dark_rounded/contentPattern.png]
[rampylab.com/wp-content/plugins/dethemekit-for-elementor/assets/frontend/images/prettyPhoto/dark_rounded/btnNext.png]
[rampylab.com/wp-content/plugins/dethemekit-for-elementor/assets/frontend/images/prettyPhoto/dark_rounded/btnPrevious.png]
[rampylab.com/wp-content/plugins/dethemekit-for-elementor/assets/frontend/images/prettyPhoto/dark_rounded/loader.gif]
[rampylab.com/wp-content/plugins/dethemekit-for-elementor/assets/frontend/images/prettyPhoto/dark_square/loader.gif]
[rampylab.com/wp-content/plugins/dethemekit-for-elementor/assets/frontend/images/prettyPhoto/dark_square/sprite.png]
[rampylab.com/wp-content/plugins/dethemekit-for-elementor/assets/frontend/images/prettyPhoto/dark_square/btnNext.png]
[rampylab.com/wp-content/plugins/dethemekit-for-elementor/assets/frontend/images/prettyPhoto/dark_square/btnPrevious.png]
[rampylab.com/wp-content/plugins/dethemekit-for-elementor/assets/frontend/images/prettyPhoto/light_square/sprite.png]
[rampylab.com/wp-content/plugins/dethemekit-for-elementor/assets/frontend/images/prettyPhoto/light_square/btnNext.png]
[rampylab.com/wp-content/plugins/dethemekit-for-elementor/assets/frontend/images/prettyPhoto/light_square/btnPrevious.png]
[rampylab.com/wp-content/plugins/dethemekit-for-elementor/assets/frontend/images/prettyPhoto/facebook/sprite.png]
[rampylab.com/wp-content/plugins/dethemekit-for-elementor/assets/frontend/images/prettyPhoto/facebook/contentPatternTop.png]
[rampylab.com/wp-content/plugins/dethemekit-for-elementor/assets/frontend/images/prettyPhoto/facebook/contentPatternLeft.png]
[rampylab.com/wp-content/plugins/dethemekit-for-elementor/assets/frontend/images/prettyPhoto/facebook/contentPatternRight.png]
[rampylab.com/wp-content/plugins/dethemekit-for-elementor/assets/frontend/images/prettyPhoto/facebook/loader.gif]
[rampylab.com/wp-content/plugins/dethemekit-for-elementor/assets/frontend/images/prettyPhoto/facebook/btnNext.png]
[rampylab.com/wp-content/plugins/dethemekit-for-elementor/assets/frontend/images/prettyPhoto/facebook/btnPrevious.png]
[rampylab.com/wp-content/plugins/dethemekit-for-elementor/assets/frontend/images/prettyPhoto/facebook/contentPatternBottom.png]
[rampylab.com/wp-content/plugins/dethemekit-for-elementor/assets/frontend/images/prettyPhoto/facebook/default_thumbnail.gif]
[rampylab.com/wp-content/plugins/dethemekit-for-elementor/assets/frontend/images/prettyPhoto/light_rounded/loader.gif]
[rampylab.com/wp-content/plugins/dethemekit-for-elementor/assets/frontend/min-css/prettyphoto.min4c56.css]
[rampylab.com/wp-content/cache/min/1/wp-content/plugins/elementskit-lite/widgets/init/assets/css/odometer-theme-defaultf006.css]
[rampylab.com/wp-content/plugins/elementor/assets/lib/animations/animations.min991d.css]
[astronfy.com/a.html]
[astronfy.com/POST.html]
[astronfy.com/schema.org/index.html]
[astronfy.com/b.html]
[astronfy.com/signals/iwl.html]
[rampylab.com/wp-content/plugins/dethemekit-for-elementor/includes/ext/sina/assets/css/sina-morphing.min4c56.css]
[rampylab.com/wp-content/cache/min/1/wp-content/plugins/dethemekit-for-elementor/includes/ext/sina/assets/css/de-scroll-animationf006.css]
[rampylab.com/wp-content/cache/min/1/wp-content/plugins/dethemekit-for-elementor/includes/ext/sina/assets/css/de-reveal-animationf006.css]
[rampylab.com/wp-content/cache/min/1/wp-content/plugins/dethemekit-for-elementor/includes/ext/sina/assets/css/revealerf006.css]
[rampylab.com/wp-content/plugins/dethemekit-for-elementor/includes/ext/sina/assets/css/de-reveal-curtain-animation4c56.css]
[rampylab.com/wp-content/cache/min/1/wp-content/plugins/dethemekit-for-elementor/includes/ext/sina/assets/css/letter/decolinesf006.css]
[rampylab.com/wp-content/cache/min/1/wp-content/plugins/dethemekit-for-elementor/includes/ext/sina/assets/css/letter/normalizef006.css]
[rampylab.com/wp-content/cache/min/1/wp-content/plugins/dethemekit-for-elementor/includes/ext/sina/assets/css/letter/lettereffectf006.css]
[rampylab.com/wp-content/cache/min/1/wp-content/plugins/dethemekit-for-elementor/includes/ext/sina/assets/css/letter/paterf006.css]
[rampylab.com/wp-content/cache/min/1/wp-content/plugins/dethemekit-for-elementor/includes/ext/sina/assets/css/de_staggering/animatef006.css]
[rampylab.com/wp-content/cache/min/1/wp-content/plugins/dethemekit-for-elementor/includes/ext/sina/assets/css/de_staggering/de-staggeringf006.css]
[rampylab.com/wp-includes/css/dist/block-library/style.minae48.css]
[rampylab.com/wp-includes/css/classic-themes.minae48.css]
[rampylab.com/wp-content/uploads/2022/09/contato.jpg]
[rampylab.com/wp-content/uploads/2022/09/a111s.jpg]
[rampylab.com/wp-content/uploads/elementor/css/post-320f006.css]
[astronfy.com/cdn-cgi/l/email-protection.html]
[rampylab.com/wp-content/uploads/2022/09/SOBRE-NOS.jpg]
[rampylab.com/wp-content/uploads/2022/09/Overlay4.png]
[rampylab.com/wp-content/uploads/2022/09/quebra.jpg]
[rampylab.com/wp-content/uploads/elementor/css/post-2976937.css]
[rampylab.com/wp-content/uploads/2022/09/chamandoooo.jpg]
[rampylab.com/wp-content/cache/min/1/wp-content/uploads/happyaddons/css/ha-297f006.css]
[astronfy.com/Portfólio – Rampy_files/sina-morphing.min.css]
[astronfy.com/Portfólio – Rampy_files/de-scroll-animation.css]
[astronfy.com/Portfólio – Rampy_files/de-reveal-animation.css]
[astronfy.com/Portfólio – Rampy_files/revealer.css]
[astronfy.com/Portfólio – Rampy_files/de-reveal-curtain-animation.css]
[astronfy.com/Portfólio – Rampy_files/decolines.css]
[astronfy.com/Portfólio – Rampy_files/normalize.css]
[astronfy.com/Portfólio – Rampy_files/lettereffect.css]
[astronfy.com/Portfólio – Rampy_files/pater.css]
[astronfy.com/Portfólio – Rampy_files/animate.css]
[astronfy.com/Portfólio – Rampy_files/de-staggering.css]
[astronfy.com/Portfólio – Rampy_files/pa-frontend-27776aea4.min.css]
[astronfy.com/Portfólio – Rampy_files/style.min.css]
[astronfy.com/Portfólio – Rampy_files/classic-themes.min.css]
[astronfy.com/Portfólio – Rampy_files/wp_custom_cursors_main_style.css]
[astronfy.com/Portfólio – Rampy_files/style.min(1).css]
[astronfy.com/Portfólio – Rampy_files/theme.min.css]
[astronfy.com/Portfólio – Rampy_files/custom-frontend-lite.min.css]
[astronfy.com/Portfólio – Rampy_files/post-133.css]
[astronfy.com/plugins/elementor/assets/lib/font-awesome/fonts/fontawesome-webfont3e6e.eot]
[astronfy.com/plugins/elementor/assets/lib/font-awesome/fonts/fontawesome-webfontd41d.eot]
[astronfy.com/plugins/elementor/assets/lib/font-awesome/fonts/fontawesome-webfont3e6e.woff2]
[astronfy.com/plugins/elementor/assets/lib/font-awesome/fonts/fontawesome-webfont3e6e.woff]
[astronfy.com/plugins/elementor/assets/lib/font-awesome/fonts/fontawesome-webfont3e6e.ttf]
[astronfy.com/plugins/elementor/assets/lib/font-awesome/fonts/fontawesome-webfont3e6e.svg]
[astronfy.com/Portfólio – Rampy_files/font-awesome.min.css]
[astronfy.com/plugins/dethemekit-for-elementor/assets/fonts/Simple-Line-Iconsb26c.eot]
[astronfy.com/plugins/dethemekit-for-elementor/assets/fonts/Simple-Line-Iconsb26c.woff2]
[astronfy.com/plugins/dethemekit-for-elementor/assets/fonts/Simple-Line-Iconsb26c.ttf]
[astronfy.com/plugins/dethemekit-for-elementor/assets/fonts/Simple-Line-Iconsb26c.woff]
[astronfy.com/plugins/dethemekit-for-elementor/assets/fonts/Simple-Line-Iconsb26c.svg]
[astronfy.com/Portfólio – Rampy_files/simple-line-icons.css]
[astronfy.com/Portfólio – Rampy_files/htflexboxgrid.css]
[astronfy.com/Portfólio – Rampy_files/slick.css]
[astronfy.com/Portfólio – Rampy_files/dethemekit-widgets.css]
[astronfy.com/Portfólio – Rampy_files/dethemekit-de-carousel.css]
[astronfy.com/plugins/elementskit-lite/modules/elementskit-icon-pack/assets/fonts/elementskit97ac.woff]
[astronfy.com/Portfólio – Rampy_files/ekiticons.css]
[astronfy.com/plugins/elementor/assets/lib/eicons/fonts/eiconsd6bb.eot]
[astronfy.com/plugins/elementor/assets/lib/eicons/fonts/eiconsd6bb.woff2]
[astronfy.com/plugins/elementor/assets/lib/eicons/fonts/eiconsd6bb.woff]
[astronfy.com/plugins/elementor/assets/lib/eicons/fonts/eiconsd6bb.ttf]
[astronfy.com/plugins/elementor/assets/lib/eicons/fonts/eiconsd6bb.svg]
[astronfy.com/Portfólio – Rampy_files/elementor-icons.min.css]
[astronfy.com/Portfólio – Rampy_files/swiper.min.css]
[astronfy.com/Portfólio – Rampy_files/custom-pro-frontend-lite.min.css]
[astronfy.com/Portfólio – Rampy_files/de-sticky-frontend.css]
[astronfy.com/Portfólio – Rampy_files/de-product-display.css]
[astronfy.com/plugins/elementor/assets/lib/font-awesome/webfonts/fa-brands-400.eot]
[astronfy.com/plugins/elementor/assets/lib/font-awesome/webfonts/fa-brands-400d41d.eot]
[astronfy.com/plugins/elementor/assets/lib/font-awesome/webfonts/fa-brands-400.woff2]
[astronfy.com/plugins/elementor/assets/lib/font-awesome/webfonts/fa-brands-400.woff]
[astronfy.com/plugins/elementor/assets/lib/font-awesome/webfonts/fa-brands-400.ttf]
[astronfy.com/plugins/elementor/assets/lib/font-awesome/webfonts/fa-brands-400.svg]
[astronfy.com/plugins/elementor/assets/lib/font-awesome/webfonts/fa-regular-400.eot]
[astronfy.com/plugins/elementor/assets/lib/font-awesome/webfonts/fa-regular-400d41d.eot]
[astronfy.com/plugins/elementor/assets/lib/font-awesome/webfonts/fa-regular-400.woff2]
[astronfy.com/plugins/elementor/assets/lib/font-awesome/webfonts/fa-regular-400.woff]
[astronfy.com/plugins/elementor/assets/lib/font-awesome/webfonts/fa-regular-400.ttf]
[astronfy.com/plugins/elementor/assets/lib/font-awesome/webfonts/fa-regular-400.svg]
[astronfy.com/plugins/elementor/assets/lib/font-awesome/webfonts/fa-solid-900.eot]
[astronfy.com/plugins/elementor/assets/lib/font-awesome/webfonts/fa-solid-900d41d.eot]
[astronfy.com/plugins/elementor/assets/lib/font-awesome/webfonts/fa-solid-900.woff2]
[astronfy.com/plugins/elementor/assets/lib/font-awesome/webfonts/fa-solid-900.woff]
[astronfy.com/plugins/elementor/assets/lib/font-awesome/webfonts/fa-solid-900.ttf]
[astronfy.com/plugins/elementor/assets/lib/font-awesome/webfonts/fa-solid-900.svg]
[astronfy.com/Portfólio – Rampy_files/all.min.css]
[astronfy.com/Portfólio – Rampy_files/v4-shims.min.css]
[rampylab.com/wp-content/uploads/2022/09/0101-02.jpg]
[rampylab.com/wp-content/uploads/2022/09/mobilesobre.jpg]
[astronfy.com/Portfólio – Rampy_files/post-313.css]
[astronfy.com/plugins/elementskit-lite/widgets/init/assets/img/arrow.png]
[astronfy.com/plugins/elementskit-lite/widgets/init/assets/img/sort_asc.png]
[astronfy.com/plugins/elementskit-lite/widgets/init/assets/img/sort_desc.png]
[astronfy.com/plugins/elementskit-lite/widgets/init/assets/img/sort_asc_disabled.png]
[astronfy.com/plugins/elementskit-lite/widgets/init/assets/img/cross-out.svg]
[astronfy.com/Portfólio – Rampy_files/widget-styles.css]
[astronfy.com/Portfólio – Rampy_files/responsive.css]
[astronfy.com/plugins/happy-elementor-addons/assets/fonts/happy-icons.woff2]
[astronfy.com/plugins/happy-elementor-addons/assets/fonts/happy-icons.woff]
[astronfy.com/plugins/happy-elementor-addons/assets/fonts/happy-icons.svg]
[astronfy.com/Portfólio – Rampy_files/style.min(2).css]
[astronfy.com/Portfólio – Rampy_files/ecs-style.css]
[astronfy.com/Portfólio – Rampy_files/fontawesome.min.css]
[astronfy.com/Portfólio – Rampy_files/solid.min.css]
[astronfy.com/Portfólio – Rampy_files/brands.min.css]
[astronfy.com/Portfólio – Rampy_files/custom-pro-widget-nav-menu.min.css]
[astronfy.com/Portfólio – Rampy_files/custom-widget-icon-list.min.css]
[astronfy.com/images/prettyphoto/default/sprite.png]
[astronfy.com/images/prettyphoto/default/sprite_x.png]
[astronfy.com/images/prettyphoto/default/sprite_y.png]
[astronfy.com/images/prettyphoto/default/sprite_next.png]
[astronfy.com/images/prettyphoto/default/sprite_prev.png]
[astronfy.com/images/prettyphoto/default/default_thumb.png]
[astronfy.com/images/prettyphoto/default/loader.gif]
[astronfy.com/images/prettyPhoto/light_rounded/sprite.png]
[astronfy.com/images/prettyPhoto/light_rounded/btnNext.png]
[astronfy.com/images/prettyPhoto/light_rounded/btnPrevious.png]
[astronfy.com/images/prettyPhoto/dark_rounded/sprite.png]
[astronfy.com/images/prettyPhoto/dark_rounded/contentPattern.png]
[astronfy.com/images/prettyPhoto/dark_rounded/btnNext.png]
[astronfy.com/images/prettyPhoto/dark_rounded/btnPrevious.png]
[astronfy.com/images/prettyPhoto/dark_rounded/loader.gif]
[astronfy.com/images/prettyPhoto/dark_square/loader.gif]
[astronfy.com/images/prettyPhoto/dark_square/sprite.png]
[astronfy.com/images/prettyPhoto/dark_square/btnNext.png]
[astronfy.com/images/prettyPhoto/dark_square/btnPrevious.png]
[astronfy.com/images/prettyPhoto/light_square/sprite.png]
[astronfy.com/images/prettyPhoto/light_square/btnNext.png]
[astronfy.com/images/prettyPhoto/light_square/btnPrevious.png]
[astronfy.com/images/prettyPhoto/facebook/sprite.png]
[astronfy.com/images/prettyPhoto/facebook/contentPatternTop.png]
[astronfy.com/images/prettyPhoto/facebook/contentPatternLeft.png]
[astronfy.com/images/prettyPhoto/facebook/contentPatternRight.png]
[astronfy.com/images/prettyPhoto/facebook/loader.gif]
[astronfy.com/images/prettyPhoto/facebook/btnNext.png]
[astronfy.com/images/prettyPhoto/facebook/btnPrevious.png]
[astronfy.com/images/prettyPhoto/facebook/contentPatternBottom.png]
[astronfy.com/images/prettyPhoto/facebook/default_thumbnail.gif]
[astronfy.com/images/prettyPhoto/light_rounded/loader.gif]
[astronfy.com/Portfólio – Rampy_files/prettyphoto.min.css]
[astronfy.com/Portfólio – Rampy_files/animations.min.css]
[rampylab.com/wp-content/plugins/dethemekit-for-elementor/assets/frontend/images/prettyphoto/default/sprite.html]
[rampylab.com/wp-content/plugins/dethemekit-for-elementor/assets/frontend/images/prettyphoto/default/sprite_x.html]
[rampylab.com/wp-content/plugins/dethemekit-for-elementor/assets/frontend/images/prettyphoto/default/sprite_y.html]
[rampylab.com/wp-content/plugins/dethemekit-for-elementor/assets/frontend/images/prettyphoto/default/sprite_next.html]
[rampylab.com/wp-content/plugins/dethemekit-for-elementor/assets/frontend/images/prettyphoto/default/sprite_prev.html]
[rampylab.com/wp-content/plugins/dethemekit-for-elementor/assets/frontend/images/prettyphoto/default/default_thumb.html]
[rampylab.com/wp-content/plugins/dethemekit-for-elementor/assets/frontend/images/prettyphoto/default/loader.html]
[astronfy.com/plugins/elementor/assets/lib/font-awesome/fonts/fontawesome-webfont3e6e.html]
[astronfy.com/plugins/elementor/assets/lib/font-awesome/fonts/fontawesome-webfontd41d.html]
[astronfy.com/plugins/elementor/assets/lib/font-awesome/fonts/fontawesome-webfont3e6e-2.html]
[astronfy.com/plugins/elementor/assets/lib/font-awesome/fonts/fontawesome-webfont3e6e-3.html]
[astronfy.com/plugins/elementor/assets/lib/font-awesome/fonts/fontawesome-webfont3e6e-4.html]
[astronfy.com/plugins/elementor/assets/lib/font-awesome/fonts/fontawesome-webfont3e6e-5.html]
[astronfy.com/plugins/dethemekit-for-elementor/assets/fonts/Simple-Line-Iconsb26c.html]
[astronfy.com/plugins/dethemekit-for-elementor/assets/fonts/Simple-Line-Iconsb26c-2.html]
[astronfy.com/plugins/dethemekit-for-elementor/assets/fonts/Simple-Line-Iconsb26c-3.html]
[astronfy.com/plugins/dethemekit-for-elementor/assets/fonts/Simple-Line-Iconsb26c-4.html]
[astronfy.com/plugins/dethemekit-for-elementor/assets/fonts/Simple-Line-Iconsb26c-5.html]
[astronfy.com/plugins/elementskit-lite/modules/elementskit-icon-pack/assets/fonts/elementskit97ac.html]
[astronfy.com/plugins/elementor/assets/lib/eicons/fonts/eiconsd6bb.html]
[astronfy.com/plugins/elementor/assets/lib/eicons/fonts/eiconsd6bb-2.html]
[astronfy.com/plugins/elementor/assets/lib/eicons/fonts/eiconsd6bb-3.html]
[astronfy.com/plugins/elementor/assets/lib/eicons/fonts/eiconsd6bb-4.html]
[astronfy.com/plugins/elementor/assets/lib/eicons/fonts/eiconsd6bb-5.html]
[astronfy.com/plugins/elementor/assets/lib/font-awesome/webfonts/fa-brands-400.html]
[astronfy.com/plugins/elementor/assets/lib/font-awesome/webfonts/fa-brands-400d41d.html]
[astronfy.com/plugins/elementor/assets/lib/font-awesome/webfonts/fa-brands-401.html]
[astronfy.com/plugins/elementor/assets/lib/font-awesome/webfonts/fa-brands-402.html]
[astronfy.com/plugins/elementor/assets/lib/font-awesome/webfonts/fa-brands-403.html]
[astronfy.com/plugins/elementor/assets/lib/font-awesome/webfonts/fa-brands-404.html]
[astronfy.com/plugins/elementor/assets/lib/font-awesome/webfonts/fa-regular-400.html]
[astronfy.com/plugins/elementor/assets/lib/font-awesome/webfonts/fa-regular-400d41d.html]
[astronfy.com/plugins/elementor/assets/lib/font-awesome/webfonts/fa-regular-401.html]
[astronfy.com/plugins/elementor/assets/lib/font-awesome/webfonts/fa-regular-402.html]
[astronfy.com/plugins/elementor/assets/lib/font-awesome/webfonts/fa-regular-403.html]
[astronfy.com/plugins/elementor/assets/lib/font-awesome/webfonts/fa-regular-404.html]
[astronfy.com/plugins/elementor/assets/lib/font-awesome/webfonts/fa-solid-900.html]
[astronfy.com/plugins/elementor/assets/lib/font-awesome/webfonts/fa-solid-900d41d.html]
[astronfy.com/plugins/elementor/assets/lib/font-awesome/webfonts/fa-solid-901.html]
[astronfy.com/plugins/elementor/assets/lib/font-awesome/webfonts/fa-solid-902.html]
[astronfy.com/plugins/elementor/assets/lib/font-awesome/webfonts/fa-solid-903.html]
[astronfy.com/plugins/elementor/assets/lib/font-awesome/webfonts/fa-solid-904.html]
[astronfy.com/plugins/elementskit-lite/widgets/init/assets/img/arrow.html]
[astronfy.com/plugins/elementskit-lite/widgets/init/assets/img/sort_asc.html]
[astronfy.com/plugins/elementskit-lite/widgets/init/assets/img/sort_desc.html]
[astronfy.com/plugins/elementskit-lite/widgets/init/assets/img/sort_asc_disabled.html]
[astronfy.com/plugins/elementskit-lite/widgets/init/assets/img/cross-out.html]
[astronfy.com/plugins/happy-elementor-addons/assets/fonts/happy-icons.html]
[astronfy.com/plugins/happy-elementor-addons/assets/fonts/happy-icons-2.html]
[astronfy.com/plugins/happy-elementor-addons/assets/fonts/happy-icons-3.html]
[astronfy.com/images/prettyphoto/default/sprite.html]
[astronfy.com/images/prettyphoto/default/sprite_x.html]
[astronfy.com/images/prettyphoto/default/sprite_y.html]
[astronfy.com/images/prettyphoto/default/sprite_next.html]
[astronfy.com/images/prettyphoto/default/sprite_prev.html]
[astronfy.com/images/prettyphoto/default/default_thumb.html]
[astronfy.com/images/prettyphoto/default/loader.html]
[astronfy.com/images/prettyPhoto/light_rounded/sprite.html]
[astronfy.com/images/prettyPhoto/light_rounded/btnNext.html]
[astronfy.com/images/prettyPhoto/light_rounded/btnPrevious.html]
[astronfy.com/images/prettyPhoto/dark_rounded/sprite.html]
[astronfy.com/images/prettyPhoto/dark_rounded/contentPattern.html]
[astronfy.com/images/prettyPhoto/dark_rounded/btnNext.html]
[astronfy.com/images/prettyPhoto/dark_rounded/btnPrevious.html]
[astronfy.com/images/prettyPhoto/dark_rounded/loader.html]
[astronfy.com/images/prettyPhoto/dark_square/loader.html]
[astronfy.com/images/prettyPhoto/dark_square/sprite.html]
[astronfy.com/images/prettyPhoto/dark_square/btnNext.html]
[astronfy.com/images/prettyPhoto/dark_square/btnPrevious.html]
[astronfy.com/images/prettyPhoto/light_square/sprite.html]
[astronfy.com/images/prettyPhoto/light_square/btnNext.html]
[astronfy.com/images/prettyPhoto/light_square/btnPrevious.html]
[astronfy.com/images/prettyPhoto/facebook/sprite.html]
[astronfy.com/images/prettyPhoto/facebook/contentPatternTop.html]
[astronfy.com/images/prettyPhoto/facebook/contentPatternLeft.html]
[astronfy.com/images/prettyPhoto/facebook/contentPatternRight.html]
[astronfy.com/images/prettyPhoto/facebook/loader.html]
[astronfy.com/images/prettyPhoto/facebook/btnNext.html]
[astronfy.com/images/prettyPhoto/facebook/btnPrevious.html]
[astronfy.com/images/prettyPhoto/facebook/contentPatternBottom.html]
[astronfy.com/images/prettyPhoto/facebook/default_thumbnail.html]
[astronfy.com/images/prettyPhoto/light_rounded/loader.html]
